A51 MACRO ASSEMBLER  LAB01                                                                03/16/2020 15:14:25 PAGE     1


MACRO ASSEMBLER A51 V8.02
OBJECT MODULE PLACED IN lab01.OBJ
ASSEMBLER INVOKED BY: C:\Keil\C51\BIN\A51.EXE lab01.asm SET(SMALL) DEBUG EP

LOC  OBJ            LINE     SOURCE

0000                   1             ORG 00H
0000 020030            2             LJMP MAIN
0030                   3             ORG 30H
0030 759000            4     MAIN:   MOV P1,#00H
0033 900200            5             MOV DPTR,#200H
                       6     
0036 75900A            7     A1:     MOV P1,#0AH
                       8             
0039 75A0A4            9             MOV P2,#0A4H
                      10             
003C 75B090           11              MOV P3,#90H
003F 3171             12             ACALL DELAY
0041 75B080           13              MOV P3,#80H
0044 3171             14             ACALL DELAY
0046 75B0F8           15              MOV P3,#0F8H
0049 3171             16             ACALL DELAY
004B 75B082           17              MOV P3,#82H
004E 3171             18             ACALL DELAY
0050 75B092           19              MOV P3,#92H
0053 3171             20             ACALL DELAY
0055 75B099           21              MOV P3,#99H
0058 3171             22             ACALL DELAY
005A 75B0B0           23              MOV P3,#0B0H
005D 3171             24             ACALL DELAY
005F 75B0A4           25              MOV P3,#0A4H
0062 3171             26             ACALL DELAY
0064 75B0F9           27              MOV P3,#0F9H
0067 3171             28             ACALL DELAY
0069 75B040           29               MOV P3,#40H
006C 75A0F9           30              MOV P2,#0F9H
                      31             
006F 75B090           32              MOV P3,#90H
0072 3171             33             ACALL DELAY
0074 75B080           34              MOV P3,#80H
0077 3171             35             ACALL DELAY
0079 75B0F8           36              MOV P3,#0F8H
007C 3171             37             ACALL DELAY
007E 75B082           38              MOV P3,#82H
0081 3171             39             ACALL DELAY
0083 75B092           40              MOV P3,#92H
0086 3171             41             ACALL DELAY
0088 75B099           42              MOV P3,#99H
008B 3171             43             ACALL DELAY
008D 75B0B0           44              MOV P3,#0B0H
0090 3171             45             ACALL DELAY
0092 75B0A4           46              MOV P3,#0A4H
0095 3171             47             ACALL DELAY
0097 75B0F9           48              MOV P3,#0F9H
009A 3171             49             ACALL DELAY
009C 75B040           50               MOV P3,#40H
009F 75A040           51             MOV P2,#40H
                      52             
00A2 75B090           53              MOV P3,#90H
00A5 3171             54             ACALL DELAY
00A7 75B080           55              MOV P3,#80H
00AA 3171             56             ACALL DELAY
00AC 75B0F8           57              MOV P3,#0F8H
00AF 3171             58             ACALL DELAY
A51 MACRO ASSEMBLER  LAB01                                                                03/16/2020 15:14:25 PAGE     2

00B1 75B082           59              MOV P3,#82H
00B4 3171             60             ACALL DELAY
00B6 75B092           61              MOV P3,#92H
00B9 3171             62             ACALL DELAY
00BB 75B099           63              MOV P3,#99H
00BE 3171             64             ACALL DELAY
00C0 75B0B0           65              MOV P3,#0B0H
00C3 3171             66             ACALL DELAY
00C5 75B0A4           67              MOV P3,#0A4H
00C8 3171             68             ACALL DELAY
00CA 75B0F9           69              MOV P3,#0F9H
00CD 3171             70             ACALL DELAY
00CF 75B040           71               MOV P3,#40H
                      72     
                      73     
00D2 759021           74      B1:    MOV P1,#21H
                      75             
00D5 75A0A4           76             MOV P2,#0A4H
                      77             
00D8 75B090           78              MOV P3,#90H
00DB 3171             79             ACALL DELAY
00DD 75B080           80              MOV P3,#80H
00E0 3171             81             ACALL DELAY
00E2 75B0F8           82              MOV P3,#0F8H
00E5 3171             83             ACALL DELAY
00E7 75B082           84              MOV P3,#82H
00EA 3171             85             ACALL DELAY
00EC 75B092           86              MOV P3,#92H
00EF 3171             87             ACALL DELAY
00F1 75B099           88              MOV P3,#99H
00F4 3171             89             ACALL DELAY
00F6 75B0B0           90              MOV P3,#0B0H
00F9 3171             91             ACALL DELAY
00FB 75B0A4           92              MOV P3,#0A4H
00FE 3171             93             ACALL DELAY
0100 75B0F9           94              MOV P3,#0F9H
0103 3171             95             ACALL DELAY
0105 75B040           96               MOV P3,#40H
0108 75A0F9           97              MOV P2,#0F9H
                      98             
010B 75B090           99              MOV P3,#90H
010E 3171            100             ACALL DELAY
0110 75B080          101              MOV P3,#80H
0113 3171            102             ACALL DELAY
0115 75B0F8          103              MOV P3,#0F8H
0118 3171            104             ACALL DELAY
011A 75B082          105              MOV P3,#82H
011D 3171            106             ACALL DELAY
011F 75B092          107              MOV P3,#92H
0122 3171            108             ACALL DELAY
0124 75B099          109              MOV P3,#99H
0127 3171            110             ACALL DELAY
0129 75B0B0          111              MOV P3,#0B0H
012C 3171            112             ACALL DELAY
012E 75B0A4          113              MOV P3,#0A4H
0131 3171            114             ACALL DELAY
0133 75B0F9          115              MOV P3,#0F9H
0136 3171            116             ACALL DELAY
0138 75B040          117               MOV P3,#40H
013B 75A040          118              MOV P2,#40H
                     119             
013E 75B090          120              MOV P3,#90H
0141 3171            121             ACALL DELAY
0143 75B080          122              MOV P3,#80H
0146 3171            123             ACALL DELAY
0148 75B0F8          124              MOV P3,#0F8H
A51 MACRO ASSEMBLER  LAB01                                                                03/16/2020 15:14:25 PAGE     3

014B 3171            125             ACALL DELAY
014D 75B082          126              MOV P3,#82H
0150 3171            127             ACALL DELAY
0152 75B092          128              MOV P3,#92H
0155 3171            129             ACALL DELAY
0157 75B099          130              MOV P3,#99H
015A 3171            131             ACALL DELAY
015C 75B0B0          132              MOV P3,#0B0H
015F 3171            133             ACALL DELAY
0161 75B0A4          134              MOV P3,#0A4H
0164 3171            135             ACALL DELAY
0166 75B0F9          136              MOV P3,#0F9H
0169 3171            137             ACALL DELAY
016B 75B040          138               MOV P3,#40H
                     139     
016E 020030          140              LJMP MAIN
0171 7C32            141     DELAY:  MOV R4,#50
0173 7D20            142     H3:     MOV R5,#20H
0175 7EFF            143     H2:     MOV R6,#0FFH
0177 DEFE            144     H1:     DJNZ R6,H1
0179 DDFA            145             DJNZ R5,H2
017B DCF6            146             DJNZ R4,H3
017D 22              147             RET        
                     148               
*** WARNING #A41 IN 148 (lab01.asm, LINE 148): MISSING 'END' STATEMENT
A51 MACRO ASSEMBLER  LAB01                                                                03/16/2020 15:14:25 PAGE     4

SYMBOL TABLE LISTING
------ ----- -------


N A M E             T Y P E  V A L U E   ATTRIBUTES

A1 . . . . . . . .  C ADDR   0036H   A   
B1 . . . . . . . .  C ADDR   00D2H   A   
DELAY. . . . . . .  C ADDR   0171H   A   
H1 . . . . . . . .  C ADDR   0177H   A   
H2 . . . . . . . .  C ADDR   0175H   A   
H3 . . . . . . . .  C ADDR   0173H   A   
MAIN . . . . . . .  C ADDR   0030H   A   
P1 . . . . . . . .  D ADDR   0090H   A   
P2 . . . . . . . .  D ADDR   00A0H   A   
P3 . . . . . . . .  D ADDR   00B0H   A   


REGISTER BANK(S) USED: 0 


ASSEMBLY COMPLETE.  1 WARNING(S), 0 ERROR(S)
